Retrieve the kubeconfig for a specified cluster and write it on disk. It will merge the new kubeconfig in the file pointed by the KUBECONFIG variable. If empty it will default to $HOME/.kube/config.

USAGE:
  scw k8s kubeconfig install <cluster-id> [arg=value ...]

ARGS:
  [region]     Region to target. If none is passed will use default region from the config
  cluster-id   Cluster ID from which to retrieve the kubeconfig

FLAGS:
  -h, --help   help for install

GLOBAL FLAGS:
  -D, --debug            Enable debug mode
  -o, --output string    Output format: json or human
  -p, --profile string   The config profile to use
