Get all the details about a specific Kubernetes version.

USAGE:
  scw k8s version get <version> [arg=value ...]

ARGS:
  [region]   Region to target. If none is passed will use default region from the config
  version    Version from which to get details

FLAGS:
  -h, --help   help for get

GLOBAL FLAGS:
  -D, --debug            Enable debug mode
  -o, --output string    Output format: json or human
  -p, --profile string   The config profile to use
