Retrieve the kubeconfig for a specified cluster.

USAGE:
  scw k8s kubeconfig get <cluster-id> [arg=value ...]

ARGS:
  [region]     Region to target. If none is passed will use default region from the config
  cluster-id   Cluster ID from which to retrieve the kubeconfig

FLAGS:
  -h, --help   help for get

GLOBAL FLAGS:
  -D, --debug            Enable debug mode
  -o, --output string    Output format: json or human
  -p, --profile string   The config profile to use
