Remove specified cluster from kubeconfig file specified by the KUBECONFIG env, if empty it will default to $HOME/.kube/config.

USAGE:
  scw k8s kubeconfig uninstall <cluster-id> [arg=value ...]

ARGS:
  cluster-id   Cluster ID from which to uninstall the kubeconfig

FLAGS:
  -h, --help   help for uninstall

GLOBAL FLAGS:
  -D, --debug            Enable debug mode
  -o, --output string    Output format: json or human
  -p, --profile string   The config profile to use
