USAGE:
  scw registry docker-helper list [arg=value ...]

ARGS:
  []   

FLAGS:
  -h, --help   help for list

GLOBAL FLAGS:
  -D, --debug            Enable debug mode
  -o, --output string    Output format: json or human
  -p, --profile string   The config profile to use
