USAGE:
  scw registry docker-helper store [arg=value ...]

ARGS:
  []   

FLAGS:
  -h, --help   help for store

GLOBAL FLAGS:
  -D, --debug            Enable debug mode
  -o, --output string    Output format: json or human
  -p, --profile string   The config profile to use
