Invalid arguments 'placement_group'

Details:
- 'placement_group' does not respect constraints

Hint:
Not a valid value
