🎲🎲🎲 EXIT CODE: 0 🎲🎲🎲
🟩🟩🟩 STDOUT️ 🟩🟩🟩️
ID               ffbe6fd0-ab0c-48de-8b6f-9237704d8d0e
Name             cli-pg-epic-saha
Organization     951df375-e094-4d26-97c1-ba548eeb9c42
Project          951df375-e094-4d26-97c1-ba548eeb9c42
PolicyMode       optional
PolicyType       max_availability
PolicyRespected  true
Zone             fr-par-1

Placement Group:
ID               ffbe6fd0-ab0c-48de-8b6f-9237704d8d0e
Name             cli-pg-epic-saha
Organization     951df375-e094-4d26-97c1-ba548eeb9c42
Project          951df375-e094-4d26-97c1-ba548eeb9c42
PolicyMode       optional
PolicyType       max_availability
PolicyRespected  true
Zone             fr-par-1

Servers:
ID                                    NAME                      POLICY RESPECTED
47e7041f-6d76-485e-880d-e4c8bf881b3c  cli-srv-eloquent-hypatia  true
🟩🟩🟩 JSON STDOUT 🟩🟩🟩
{
  "id": "ffbe6fd0-ab0c-48de-8b6f-9237704d8d0e",
  "name": "cli-pg-epic-saha",
  "organization": "951df375-e094-4d26-97c1-ba548eeb9c42",
  "project": "951df375-e094-4d26-97c1-ba548eeb9c42",
  "policy_mode": "optional",
  "policy_type": "max_availability",
  "policy_respected": true,
  "zone": "fr-par-1",
  "servers": [
    {
      "id": "47e7041f-6d76-485e-880d-e4c8bf881b3c",
      "name": "cli-srv-eloquent-hypatia",
      "policy_respected": true
    }
  ]
}
