apiVersion: v1
clusters:
- name: clitest
  cluster:
    certificate-authority-data: LS0tLS1CRUdJTiBDRVJUSUZJQ0FURS0tLS0tCk1JSUN5RENDQWJDZ0F3SUJBZ0lCQURBTkJna3Foa2lHOXcwQkFRc0ZBREFWTVJNd0VRWURWUVFERXdwcmRXSmwKY201bGRHVnpNQjRYRFRJd01ETXhOVEV4TXpVMU1sb1hEVE13TURNeE5URXhNelUxTWxvd0ZURVRNQkVHQTFVRQpBeE1LYTNWaVpYSnVaWFJsY3pDQ0FTSXdEUVlKS29aSWh2Y05BUUVCQlFBRGdnRVBBRENDQVFvQ2dnRUJBTXdrClkyMmdZV0hFUDZOazcyQ1U0RzVpSHhIMG8xdE5jRDkrRTZWTzZhYTVNNzBWTDk3VUhmSm1Ja2NkanorVkRMRncKZ0ZsZ0hlSHMrTzFYTjhadXVoK1FRRTRCZXZXdUN6ZFJQS1FNN005Nk1MeVZydUtrTHJOK3R6T1NhSDJKQXphSwo4NHNmVjNoL202bGdYM3g1NXVRV2tTNGpNODUyeVl4R3VtYzJCRVBqcE9DMTFHMUJ4N09ZSlRIa2NqdXdQM0MvCkpUMWlvczBuMDZjcktTK1lFNG5EN1pwazFDSjd4c2k2c1ljNmEwUU5MbmZ4d0VVQlRIVm40cmR0TFBOU3lHWjUKNmR6bFFyaUhrK2Z0VEc3Y2tqYjJvK1lMN1h2RWtiZi9XYk9xbVlMWVd6WlMwajNaSFJicmNsdzhneGVaaUxHVgpIdG9sQm9GcTdhSmNlN1pVQzZrQ0F3RUFBYU1qTUNFd0RnWURWUjBQQVFIL0JBUURBZ0trTUE4R0ExVWRFd0VCCi93UUZNQU1CQWY4d0RRWUpLb1pJaHZjTkFRRUxCUUFEZ2dFQkFDRkl0bkxDSGxjZUN4UnMxQW5vWk14ektKYlQKaWZ5S0x2T1M2R1FPY3Vuc01nUmtTRExzV3pWYkd2amhaMG5BK3E4Mk5hUnJKK2xwRllJVUt0VzNBTmVEbmNCNQpjNUJjWHdmeS9Fc3hIMXpReDJGazh1b3BEVjBBTGlmZlV2V25UMmRCaXhQR0FLUkhYUEx1RGc2NXZmaU5oUlRDCmI3cjlnaHJOSjlSRWFkQ1JDem1ZcnIyZlhqTExCMU5XR3d5SG0zUGRlNGtocU96cEFDbExmSkNVUmhhS2V2WVUKZnFRUmlTc0xJU2FwbUFHVTBPbFJ4UUNmaWxEYnNvK0lhWHNnZlFWOVhTL21PR2tQZzBINHJZL2E2T09CeExVNgpNeDBXcWMwOFZOUmZUdDJaczBBM2RGSVgxQ3pDbUZWV01EMTJPbjBXMVlGTld4RC9HK0IyK3ZZU3BYTT0KLS0tLS1FTkQgQ0VSVElGSUNBVEUtLS0tLQo=
    server: https://baa7f888-96da-4a73-ad69-59b4a33ac171.api.k8s.fr-par.scw.cloud:6443
contexts:
- name: admin@clitest
  context:
    cluster: clitest
    user: clitest-admin
current-context: admin@clitest
kind: Config
preferences: {}
users:
- name: clitest-admin
  user:
    token: 0Txaf9owpZtifHEhyKza4W6TLvpUksmXsAmey6AQHgwtv2fwWgrs4MVF
