Cluster 4289b7a1-c79b-4c3e-9a1c-36cc0bb0e6ee successfully deleted from /tmp/cli-uninstall-merge-test
