Kubeconfig for cluster 1ea2513b-e3e8-464c-8fae-8e8ad116a4d2 successfully written at /tmp/cli-merge-test
