Cluster 7079dd0c-33ae-4c3a-baab-cdc136237d8e successfully deleted from /tmp/cli-uninstall-test
