Kubeconfig for cluster afb4fc89-0e2d-4228-adc3-4da3537a89d3 successfully written at /tmp/cli-test
